Run log: /home/eggi/Nextcloud/code/public_repos/camat_corpus/DdT_1/02_hassler_werke_erster_band_cantiones_sacrae_bsb00023111/measure_annotation_run_20260313_021945.log
Run report: /home/eggi/Nextcloud/code/public_repos/camat_corpus/DdT_1/02_hassler_werke_erster_band_cantiones_sacrae_bsb00023111/measure_annotation_run_20260313_021945.json
Processing bsb00023111_00004.mei
  skipped: bsb00023111_00004.mei has only 1 measure(s), below --minimum-measures=5
Processing bsb00023111_00009.mei
  uploading image: bsb00023111_00009.jpg
  detector returned HTTP 500; retrying (1/2) after 2.0s
  detector returned HTTP 500; retrying (2/2) after 2.0s
  ERROR: HTTP 500 from detector: Internal Server Error
Processing bsb00023111_00010.mei
  uploading image: bsb00023111_00010.jpg
  detector returned HTTP 500; retrying (1/2) after 2.0s
  detector returned HTTP 500; retrying (2/2) after 2.0s
  ERROR: HTTP 500 from detector: Internal Server Error
Processing bsb00023111_00011.mei
  skipped: bsb00023111_00011.mei has only 3 measure(s), below --minimum-measures=5
Processing bsb00023111_00013.mei
  uploading image: bsb00023111_00013.jpg
  detector returned HTTP 500; retrying (1/2) after 2.0s
  detector returned HTTP 500; retrying (2/2) after 2.0s
  ERROR: HTTP 500 from detector: Internal Server Error
Processing bsb00023111_00017.mei
  skipped: bsb00023111_00017.mei has only 2 measure(s), below --minimum-measures=5
Processing bsb00023111_00018.mei
  skipped: bsb00023111_00018.mei has only 2 measure(s), below --minimum-measures=5
Processing bsb00023111_00019.mei
  skipped: bsb00023111_00019.mei has only 1 measure(s), below --minimum-measures=5
Processing bsb00023111_00023.mei
  skipped: bsb00023111_00023.mei has only 2 measure(s), below --minimum-measures=5
Processing bsb00023111_00027.mei
  reusing annotations: bsb00023111_00027_measure_annotations.xml
  wrote integrated MEI: bsb00023111_00027_with_facs.mei
Processing bsb00023111_00028.mei
  reusing annotations: bsb00023111_00028_measure_annotations.xml
  wrote integrated MEI: bsb00023111_00028_with_facs.mei
Processing bsb00023111_00029.mei
  reusing annotations: bsb00023111_00029_measure_annotations.xml
  wrote integrated MEI: bsb00023111_00029_with_facs.mei
Processing bsb00023111_00030.mei
  reusing annotations: bsb00023111_00030_measure_annotations.xml
  wrote integrated MEI: bsb00023111_00030_with_facs.mei
Processing bsb00023111_00031.mei
  reusing annotations: bsb00023111_00031_measure_annotations.xml
  wrote integrated MEI: bsb00023111_00031_with_facs.mei
Processing bsb00023111_00032.mei
  reusing annotations: bsb00023111_00032_measure_annotations.xml
  wrote integrated MEI: bsb00023111_00032_with_facs.mei
Processing bsb00023111_00033.mei
  reusing annotations: bsb00023111_00033_measure_annotations.xml
  wrote integrated MEI: bsb00023111_00033_with_facs.mei
Processing bsb00023111_00034.mei
  reusing annotations: bsb00023111_00034_measure_annotations.xml
  wrote integrated MEI: bsb00023111_00034_with_facs.mei
Processing bsb00023111_00035.mei
  reusing annotations: bsb00023111_00035_measure_annotations.xml
  wrote integrated MEI: bsb00023111_00035_with_facs.mei
Processing bsb00023111_00036.mei
  reusing annotations: bsb00023111_00036_measure_annotations.xml
  ERROR: Measure numbering does not align between the source and annotations MEI. mismatch count=4, allowed=1; source count=42 numbers=[1, 2, 3, 4, ..., 39, 40, 41, 42]; annotations count=38 numbers=[1, 2, 3, 4, ..., 35, 36, 37, 38]
Processing bsb00023111_00037.mei
  reusing annotations: bsb00023111_00037_measure_annotations.xml
  wrote integrated MEI: bsb00023111_00037_with_facs.mei
Processing bsb00023111_00038.mei
  reusing annotations: bsb00023111_00038_measure_annotations.xml
  ERROR: Measure numbering does not align between the source and annotations MEI. mismatch count=3, allowed=1; source count=40 numbers=[1, 2, 3, 4, ..., 37, 38, 39, 40]; annotations count=37 numbers=[1, 2, 3, 4, ..., 34, 35, 36, 37]
Processing bsb00023111_00039.mei
  reusing annotations: bsb00023111_00039_measure_annotations.xml
  wrote integrated MEI: bsb00023111_00039_with_facs.mei
Processing bsb00023111_00040.mei
  reusing annotations: bsb00023111_00040_measure_annotations.xml
  wrote integrated MEI: bsb00023111_00040_with_facs.mei
Processing bsb00023111_00041.mei
  reusing annotations: bsb00023111_00041_measure_annotations.xml
  wrote integrated MEI: bsb00023111_00041_with_facs.mei
Processing bsb00023111_00042.mei
  reusing annotations: bsb00023111_00042_measure_annotations.xml
  wrote integrated MEI: bsb00023111_00042_with_facs.mei
Processing bsb00023111_00043.mei
  reusing annotations: bsb00023111_00043_measure_annotations.xml
  wrote integrated MEI: bsb00023111_00043_with_facs.mei
Processing bsb00023111_00044.mei
  reusing annotations: bsb00023111_00044_measure_annotations.xml
  wrote integrated MEI: bsb00023111_00044_with_facs.mei
Processing bsb00023111_00045.mei
  reusing annotations: bsb00023111_00045_measure_annotations.xml
  wrote integrated MEI: bsb00023111_00045_with_facs.mei
Processing bsb00023111_00046.mei
  reusing annotations: bsb00023111_00046_measure_annotations.xml
  wrote integrated MEI: bsb00023111_00046_with_facs.mei
Processing bsb00023111_00047.mei
  reusing annotations: bsb00023111_00047_measure_annotations.xml
  wrote integrated MEI: bsb00023111_00047_with_facs.mei
Processing bsb00023111_00048.mei
  reusing annotations: bsb00023111_00048_measure_annotations.xml
  wrote integrated MEI: bsb00023111_00048_with_facs.mei
Processing bsb00023111_00049.mei
  reusing annotations: bsb00023111_00049_measure_annotations.xml
  wrote integrated MEI: bsb00023111_00049_with_facs.mei
Processing bsb00023111_00050.mei
  reusing annotations: bsb00023111_00050_measure_annotations.xml
  wrote integrated MEI: bsb00023111_00050_with_facs.mei
Processing bsb00023111_00051.mei
  reusing annotations: bsb00023111_00051_measure_annotations.xml
  wrote integrated MEI: bsb00023111_00051_with_facs.mei
Processing bsb00023111_00052.mei
  reusing annotations: bsb00023111_00052_measure_annotations.xml
  wrote integrated MEI: bsb00023111_00052_with_facs.mei
Processing bsb00023111_00053.mei
  reusing annotations: bsb00023111_00053_measure_annotations.xml
  wrote integrated MEI: bsb00023111_00053_with_facs.mei
Processing bsb00023111_00054.mei
  reusing annotations: bsb00023111_00054_measure_annotations.xml
  wrote integrated MEI: bsb00023111_00054_with_facs.mei
Processing bsb00023111_00055.mei
  reusing annotations: bsb00023111_00055_measure_annotations.xml
  ERROR: Measure numbering does not align between the source and annotations MEI. mismatch count=4, allowed=1; source count=27 numbers=[1, 2, 3, 4, ..., 24, 25, 26, 27]; annotations count=23 numbers=[1, 2, 3, 4, ..., 20, 21, 22, 23]
Processing bsb00023111_00056.mei
  reusing annotations: bsb00023111_00056_measure_annotations.xml
  wrote integrated MEI: bsb00023111_00056_with_facs.mei
Processing bsb00023111_00057.mei
  reusing annotations: bsb00023111_00057_measure_annotations.xml
  wrote integrated MEI: bsb00023111_00057_with_facs.mei
Processing bsb00023111_00058.mei
  reusing annotations: bsb00023111_00058_measure_annotations.xml
  wrote integrated MEI: bsb00023111_00058_with_facs.mei
Processing bsb00023111_00059.mei
  reusing annotations: bsb00023111_00059_measure_annotations.xml
  ERROR: Measure numbering does not align between the source and annotations MEI. mismatch count=5, allowed=1; source count=26 numbers=[1, 2, 3, 4, ..., 23, 24, 25, 26]; annotations count=21 numbers=[1, 2, 3, 4, ..., 18, 19, 20, 21]
Processing bsb00023111_00060.mei
  reusing annotations: bsb00023111_00060_measure_annotations.xml
  wrote integrated MEI: bsb00023111_00060_with_facs.mei
Processing bsb00023111_00061.mei
  reusing annotations: bsb00023111_00061_measure_annotations.xml
  wrote integrated MEI: bsb00023111_00061_with_facs.mei
Processing bsb00023111_00062.mei
  reusing annotations: bsb00023111_00062_measure_annotations.xml
  wrote integrated MEI: bsb00023111_00062_with_facs.mei
Processing bsb00023111_00063.mei
  reusing annotations: bsb00023111_00063_measure_annotations.xml
  wrote integrated MEI: bsb00023111_00063_with_facs.mei
Processing bsb00023111_00064.mei
  reusing annotations: bsb00023111_00064_measure_annotations.xml
  wrote integrated MEI: bsb00023111_00064_with_facs.mei
Processing bsb00023111_00065.mei
  reusing annotations: bsb00023111_00065_measure_annotations.xml
  wrote integrated MEI: bsb00023111_00065_with_facs.mei
Processing bsb00023111_00066.mei
  reusing annotations: bsb00023111_00066_measure_annotations.xml
  wrote integrated MEI: bsb00023111_00066_with_facs.mei
Processing bsb00023111_00067.mei
  reusing annotations: bsb00023111_00067_measure_annotations.xml
  wrote integrated MEI: bsb00023111_00067_with_facs.mei
Processing bsb00023111_00068.mei
  reusing annotations: bsb00023111_00068_measure_annotations.xml
  wrote integrated MEI: bsb00023111_00068_with_facs.mei
Processing bsb00023111_00069.mei
  reusing annotations: bsb00023111_00069_measure_annotations.xml
  wrote integrated MEI: bsb00023111_00069_with_facs.mei
Processing bsb00023111_00070.mei
  reusing annotations: bsb00023111_00070_measure_annotations.xml
  wrote integrated MEI: bsb00023111_00070_with_facs.mei
Processing bsb00023111_00071.mei
  reusing annotations: bsb00023111_00071_measure_annotations.xml
  wrote integrated MEI: bsb00023111_00071_with_facs.mei
Processing bsb00023111_00072.mei
  reusing annotations: bsb00023111_00072_measure_annotations.xml
  wrote integrated MEI: bsb00023111_00072_with_facs.mei
Processing bsb00023111_00073.mei
  reusing annotations: bsb00023111_00073_measure_annotations.xml
  wrote integrated MEI: bsb00023111_00073_with_facs.mei
Processing bsb00023111_00074.mei
  reusing annotations: bsb00023111_00074_measure_annotations.xml
  wrote integrated MEI: bsb00023111_00074_with_facs.mei
Processing bsb00023111_00075.mei
  reusing annotations: bsb00023111_00075_measure_annotations.xml
  wrote integrated MEI: bsb00023111_00075_with_facs.mei
Processing bsb00023111_00076.mei
  reusing annotations: bsb00023111_00076_measure_annotations.xml
  wrote integrated MEI: bsb00023111_00076_with_facs.mei
Processing bsb00023111_00077.mei
  reusing annotations: bsb00023111_00077_measure_annotations.xml
  wrote integrated MEI: bsb00023111_00077_with_facs.mei
Processing bsb00023111_00078.mei
  reusing annotations: bsb00023111_00078_measure_annotations.xml
  wrote integrated MEI: bsb00023111_00078_with_facs.mei
Processing bsb00023111_00079.mei
  reusing annotations: bsb00023111_00079_measure_annotations.xml
  wrote integrated MEI: bsb00023111_00079_with_facs.mei
Processing bsb00023111_00080.mei
  reusing annotations: bsb00023111_00080_measure_annotations.xml
  wrote integrated MEI: bsb00023111_00080_with_facs.mei
Processing bsb00023111_00081.mei
  reusing annotations: bsb00023111_00081_measure_annotations.xml
  wrote integrated MEI: bsb00023111_00081_with_facs.mei
Processing bsb00023111_00082.mei
  reusing annotations: bsb00023111_00082_measure_annotations.xml
  wrote integrated MEI: bsb00023111_00082_with_facs.mei
Processing bsb00023111_00083.mei
  reusing annotations: bsb00023111_00083_measure_annotations.xml
  wrote integrated MEI: bsb00023111_00083_with_facs.mei
Processing bsb00023111_00084.mei
  reusing annotations: bsb00023111_00084_measure_annotations.xml
  wrote integrated MEI: bsb00023111_00084_with_facs.mei
Processing bsb00023111_00085.mei
  reusing annotations: bsb00023111_00085_measure_annotations.xml
  wrote integrated MEI: bsb00023111_00085_with_facs.mei
Processing bsb00023111_00086.mei
  reusing annotations: bsb00023111_00086_measure_annotations.xml
  wrote integrated MEI: bsb00023111_00086_with_facs.mei
Processing bsb00023111_00087.mei
  reusing annotations: bsb00023111_00087_measure_annotations.xml
  wrote integrated MEI: bsb00023111_00087_with_facs.mei
Processing bsb00023111_00088.mei
  reusing annotations: bsb00023111_00088_measure_annotations.xml
  wrote integrated MEI: bsb00023111_00088_with_facs.mei
Processing bsb00023111_00089.mei
  reusing annotations: bsb00023111_00089_measure_annotations.xml
  wrote integrated MEI: bsb00023111_00089_with_facs.mei
Processing bsb00023111_00090.mei
  reusing annotations: bsb00023111_00090_measure_annotations.xml
  wrote integrated MEI: bsb00023111_00090_with_facs.mei
Processing bsb00023111_00091.mei
  reusing annotations: bsb00023111_00091_measure_annotations.xml
  wrote integrated MEI: bsb00023111_00091_with_facs.mei
Processing bsb00023111_00092.mei
  reusing annotations: bsb00023111_00092_measure_annotations.xml
  wrote integrated MEI: bsb00023111_00092_with_facs.mei
Processing bsb00023111_00093.mei
  reusing annotations: bsb00023111_00093_measure_annotations.xml
  wrote integrated MEI: bsb00023111_00093_with_facs.mei
Processing bsb00023111_00094.mei
  reusing annotations: bsb00023111_00094_measure_annotations.xml
  wrote integrated MEI: bsb00023111_00094_with_facs.mei
Processing bsb00023111_00095.mei
  reusing annotations: bsb00023111_00095_measure_annotations.xml
  wrote integrated MEI: bsb00023111_00095_with_facs.mei
Processing bsb00023111_00096.mei
  reusing annotations: bsb00023111_00096_measure_annotations.xml
  wrote integrated MEI: bsb00023111_00096_with_facs.mei
Processing bsb00023111_00097.mei
  reusing annotations: bsb00023111_00097_measure_annotations.xml
  wrote integrated MEI: bsb00023111_00097_with_facs.mei
Processing bsb00023111_00098.mei
  reusing annotations: bsb00023111_00098_measure_annotations.xml
  wrote integrated MEI: bsb00023111_00098_with_facs.mei
Processing bsb00023111_00099.mei
  reusing annotations: bsb00023111_00099_measure_annotations.xml
  wrote integrated MEI: bsb00023111_00099_with_facs.mei
Processing bsb00023111_00100.mei
  reusing annotations: bsb00023111_00100_measure_annotations.xml
  wrote integrated MEI: bsb00023111_00100_with_facs.mei
Processing bsb00023111_00101.mei
  reusing annotations: bsb00023111_00101_measure_annotations.xml
  wrote integrated MEI: bsb00023111_00101_with_facs.mei
Processing bsb00023111_00102.mei
  reusing annotations: bsb00023111_00102_measure_annotations.xml
  wrote integrated MEI: bsb00023111_00102_with_facs.mei
Processing bsb00023111_00103.mei
  reusing annotations: bsb00023111_00103_measure_annotations.xml
  wrote integrated MEI: bsb00023111_00103_with_facs.mei
Processing bsb00023111_00104.mei
  reusing annotations: bsb00023111_00104_measure_annotations.xml
  wrote integrated MEI: bsb00023111_00104_with_facs.mei
Processing bsb00023111_00105.mei
  reusing annotations: bsb00023111_00105_measure_annotations.xml
  wrote integrated MEI: bsb00023111_00105_with_facs.mei
Processing bsb00023111_00106.mei
  reusing annotations: bsb00023111_00106_measure_annotations.xml
  wrote integrated MEI: bsb00023111_00106_with_facs.mei
Processing bsb00023111_00107.mei
  reusing annotations: bsb00023111_00107_measure_annotations.xml
  wrote integrated MEI: bsb00023111_00107_with_facs.mei
Processing bsb00023111_00108.mei
  reusing annotations: bsb00023111_00108_measure_annotations.xml
  wrote integrated MEI: bsb00023111_00108_with_facs.mei
Processing bsb00023111_00109.mei
  reusing annotations: bsb00023111_00109_measure_annotations.xml
  wrote integrated MEI: bsb00023111_00109_with_facs.mei
Processing bsb00023111_00110.mei
  reusing annotations: bsb00023111_00110_measure_annotations.xml
  wrote integrated MEI: bsb00023111_00110_with_facs.mei
Processing bsb00023111_00111.mei
  reusing annotations: bsb00023111_00111_measure_annotations.xml
  wrote integrated MEI: bsb00023111_00111_with_facs.mei
Processing bsb00023111_00112.mei
  reusing annotations: bsb00023111_00112_measure_annotations.xml
  wrote integrated MEI: bsb00023111_00112_with_facs.mei
Processing bsb00023111_00113.mei
  reusing annotations: bsb00023111_00113_measure_annotations.xml
  wrote integrated MEI: bsb00023111_00113_with_facs.mei
Processing bsb00023111_00114.mei
  reusing annotations: bsb00023111_00114_measure_annotations.xml
  wrote integrated MEI: bsb00023111_00114_with_facs.mei
Processing bsb00023111_00115.mei
  reusing annotations: bsb00023111_00115_measure_annotations.xml
  wrote integrated MEI: bsb00023111_00115_with_facs.mei
Processing bsb00023111_00116.mei
  reusing annotations: bsb00023111_00116_measure_annotations.xml
  wrote integrated MEI: bsb00023111_00116_with_facs.mei
Processing bsb00023111_00117.mei
  reusing annotations: bsb00023111_00117_measure_annotations.xml
  wrote integrated MEI: bsb00023111_00117_with_facs.mei
Processing bsb00023111_00118.mei
  reusing annotations: bsb00023111_00118_measure_annotations.xml
  wrote integrated MEI: bsb00023111_00118_with_facs.mei
Processing bsb00023111_00119.mei
  reusing annotations: bsb00023111_00119_measure_annotations.xml
  ERROR: Measure numbering does not align between the source and annotations MEI. mismatch count=3, allowed=1; source count=15 numbers=[1, 2, 3, 4, ..., 12, 13, 14, 15]; annotations count=18 numbers=[1, 2, 3, 4, ..., 15, 16, 17, 18]
Processing bsb00023111_00120.mei
  reusing annotations: bsb00023111_00120_measure_annotations.xml
  wrote integrated MEI: bsb00023111_00120_with_facs.mei
Processing bsb00023111_00121.mei
  reusing annotations: bsb00023111_00121_measure_annotations.xml
  wrote integrated MEI: bsb00023111_00121_with_facs.mei
Processing bsb00023111_00122.mei
  reusing annotations: bsb00023111_00122_measure_annotations.xml
  wrote integrated MEI: bsb00023111_00122_with_facs.mei
Processing bsb00023111_00123.mei
  reusing annotations: bsb00023111_00123_measure_annotations.xml
  wrote integrated MEI: bsb00023111_00123_with_facs.mei
Processing bsb00023111_00124.mei
  reusing annotations: bsb00023111_00124_measure_annotations.xml
  wrote integrated MEI: bsb00023111_00124_with_facs.mei
Processing bsb00023111_00125.mei
  reusing annotations: bsb00023111_00125_measure_annotations.xml
  wrote integrated MEI: bsb00023111_00125_with_facs.mei
Processing bsb00023111_00126.mei
  reusing annotations: bsb00023111_00126_measure_annotations.xml
  wrote integrated MEI: bsb00023111_00126_with_facs.mei
Processing bsb00023111_00127.mei
  reusing annotations: bsb00023111_00127_measure_annotations.xml
  wrote integrated MEI: bsb00023111_00127_with_facs.mei
Processing bsb00023111_00128.mei
  reusing annotations: bsb00023111_00128_measure_annotations.xml
  wrote integrated MEI: bsb00023111_00128_with_facs.mei
Processing bsb00023111_00129.mei
  reusing annotations: bsb00023111_00129_measure_annotations.xml
  wrote integrated MEI: bsb00023111_00129_with_facs.mei
Processing bsb00023111_00130.mei
  reusing annotations: bsb00023111_00130_measure_annotations.xml
  ERROR: Measure numbering does not align between the source and annotations MEI. mismatch count=2, allowed=1; source count=10 numbers=[1, 2, 3, 4, ..., 7, 8, 9, 10]; annotations count=12 numbers=[1, 2, 3, 4, ..., 9, 10, 11, 12]
Processing bsb00023111_00131.mei
  reusing annotations: bsb00023111_00131_measure_annotations.xml
  wrote integrated MEI: bsb00023111_00131_with_facs.mei
Processing bsb00023111_00132.mei
  reusing annotations: bsb00023111_00132_measure_annotations.xml
  ERROR: Measure numbering does not align between the source and annotations MEI. mismatch count=2, allowed=1; source count=10 numbers=[1, 2, 3, 4, ..., 7, 8, 9, 10]; annotations count=12 numbers=[1, 2, 3, 4, ..., 9, 10, 11, 12]
Processing bsb00023111_00133.mei
  reusing annotations: bsb00023111_00133_measure_annotations.xml
  wrote integrated MEI: bsb00023111_00133_with_facs.mei
Processing bsb00023111_00134.mei
  reusing annotations: bsb00023111_00134_measure_annotations.xml
  ERROR: Measure numbering does not align between the source and annotations MEI. mismatch count=3, allowed=1; source count=10 numbers=[1, 2, 3, 4, ..., 7, 8, 9, 10]; annotations count=13 numbers=[1, 2, 3, 4, ..., 10, 11, 12, 13]
Processing bsb00023111_00135.mei
  reusing annotations: bsb00023111_00135_measure_annotations.xml
  wrote integrated MEI: bsb00023111_00135_with_facs.mei
Processing bsb00023111_00136.mei
  reusing annotations: bsb00023111_00136_measure_annotations.xml
  ERROR: Measure numbering does not align between the source and annotations MEI. mismatch count=3, allowed=1; source count=12 numbers=[1, 2, 3, 4, ..., 9, 10, 11, 12]; annotations count=15 numbers=[1, 2, 3, 4, ..., 12, 13, 14, 15]
Processing bsb00023111_00137.mei
  reusing annotations: bsb00023111_00137_measure_annotations.xml
  wrote integrated MEI: bsb00023111_00137_with_facs.mei
Processing bsb00023111_00138.mei
  reusing annotations: bsb00023111_00138_measure_annotations.xml
  wrote integrated MEI: bsb00023111_00138_with_facs.mei
Processing bsb00023111_00139.mei
  reusing annotations: bsb00023111_00139_measure_annotations.xml
  wrote integrated MEI: bsb00023111_00139_with_facs.mei
Processing bsb00023111_00140.mei
  reusing annotations: bsb00023111_00140_measure_annotations.xml
  wrote integrated MEI: bsb00023111_00140_with_facs.mei
Processing bsb00023111_00141.mei
  reusing annotations: bsb00023111_00141_measure_annotations.xml
  wrote integrated MEI: bsb00023111_00141_with_facs.mei
Processing bsb00023111_00142.mei
  reusing annotations: bsb00023111_00142_measure_annotations.xml
  wrote integrated MEI: bsb00023111_00142_with_facs.mei
Processing bsb00023111_00143.mei
  reusing annotations: bsb00023111_00143_measure_annotations.xml
  ERROR: Measure numbering does not align between the source and annotations MEI. mismatch count=3, allowed=1; source count=14 numbers=[1, 2, 3, 4, ..., 11, 12, 13, 14]; annotations count=17 numbers=[1, 2, 3, 4, ..., 14, 15, 16, 17]
Processing bsb00023111_00144.mei
  reusing annotations: bsb00023111_00144_measure_annotations.xml
  ERROR: Measure numbering does not align between the source and annotations MEI. mismatch count=2, allowed=1; source count=14 numbers=[1, 2, 3, 4, ..., 11, 12, 13, 14]; annotations count=16 numbers=[1, 2, 3, 4, ..., 13, 14, 15, 16]
Processing bsb00023111_00145.mei
  reusing annotations: bsb00023111_00145_measure_annotations.xml
  wrote integrated MEI: bsb00023111_00145_with_facs.mei
Processing bsb00023111_00146.mei
  reusing annotations: bsb00023111_00146_measure_annotations.xml
  wrote integrated MEI: bsb00023111_00146_with_facs.mei
Processing bsb00023111_00147.mei
  reusing annotations: bsb00023111_00147_measure_annotations.xml
  wrote integrated MEI: bsb00023111_00147_with_facs.mei
Processing bsb00023111_00148.mei
  reusing annotations: bsb00023111_00148_measure_annotations.xml
  ERROR: Measure numbering does not align between the source and annotations MEI. mismatch count=4, allowed=1; source count=14 numbers=[1, 2, 3, 4, ..., 11, 12, 13, 14]; annotations count=18 numbers=[1, 2, 3, 4, ..., 15, 16, 17, 18]
Processing bsb00023111_00149.mei
  reusing annotations: bsb00023111_00149_measure_annotations.xml
  wrote integrated MEI: bsb00023111_00149_with_facs.mei
Processing bsb00023111_00150.mei
  reusing annotations: bsb00023111_00150_measure_annotations.xml
  wrote integrated MEI: bsb00023111_00150_with_facs.mei
Processing bsb00023111_00151.mei
  reusing annotations: bsb00023111_00151_measure_annotations.xml
  ERROR: Measure numbering does not align between the source and annotations MEI. mismatch count=2, allowed=1; source count=12 numbers=[1, 2, 3, 4, ..., 9, 10, 11, 12]; annotations count=14 numbers=[1, 2, 3, 4, ..., 11, 12, 13, 14]
Processing bsb00023111_00152.mei
  reusing annotations: bsb00023111_00152_measure_annotations.xml
  wrote integrated MEI: bsb00023111_00152_with_facs.mei
Processing bsb00023111_00153.mei
  reusing annotations: bsb00023111_00153_measure_annotations.xml
  wrote integrated MEI: bsb00023111_00153_with_facs.mei
Processing bsb00023111_00154.mei
  reusing annotations: bsb00023111_00154_measure_annotations.xml
  ERROR: Measure numbering does not align between the source and annotations MEI. mismatch count=7, allowed=1; source count=14 numbers=[1, 2, 3, 4, ..., 11, 12, 13, 14]; annotations count=21 numbers=[1, 2, 3, 4, ..., 18, 19, 20, 21]
Processing bsb00023111_00155.mei
  reusing annotations: bsb00023111_00155_measure_annotations.xml
  wrote integrated MEI: bsb00023111_00155_with_facs.mei
Processing bsb00023111_00156.mei
  reusing annotations: bsb00023111_00156_measure_annotations.xml
  ERROR: Measure numbering does not align between the source and annotations MEI. mismatch count=3, allowed=1; source count=14 numbers=[1, 2, 3, 4, ..., 11, 12, 13, 14]; annotations count=17 numbers=[1, 2, 3, 4, ..., 14, 15, 16, 17]
Processing bsb00023111_00157.mei
  reusing annotations: bsb00023111_00157_measure_annotations.xml
  ERROR: Measure numbering does not align between the source and annotations MEI. mismatch count=4, allowed=1; source count=14 numbers=[1, 2, 3, 4, ..., 11, 12, 13, 14]; annotations count=18 numbers=[1, 2, 3, 4, ..., 15, 16, 17, 18]
Processing bsb00023111_00158.mei
  reusing annotations: bsb00023111_00158_measure_annotations.xml
  wrote integrated MEI: bsb00023111_00158_with_facs.mei
Processing bsb00023111_00159.mei
  reusing annotations: bsb00023111_00159_measure_annotations.xml
  wrote integrated MEI: bsb00023111_00159_with_facs.mei
Processing bsb00023111_00160.mei
  reusing annotations: bsb00023111_00160_measure_annotations.xml
  wrote integrated MEI: bsb00023111_00160_with_facs.mei
Processing bsb00023111_00161.mei
  reusing annotations: bsb00023111_00161_measure_annotations.xml
  wrote integrated MEI: bsb00023111_00161_with_facs.mei
Processing bsb00023111_00162.mei
  reusing annotations: bsb00023111_00162_measure_annotations.xml
  wrote integrated MEI: bsb00023111_00162_with_facs.mei
Processing bsb00023111_00163.mei
  reusing annotations: bsb00023111_00163_measure_annotations.xml
  wrote integrated MEI: bsb00023111_00163_with_facs.mei
Processing bsb00023111_00164.mei
  reusing annotations: bsb00023111_00164_measure_annotations.xml
  wrote integrated MEI: bsb00023111_00164_with_facs.mei
Processing bsb00023111_00165.mei
  reusing annotations: bsb00023111_00165_measure_annotations.xml
  wrote integrated MEI: bsb00023111_00165_with_facs.mei
Processing bsb00023111_00166.mei
  reusing annotations: bsb00023111_00166_measure_annotations.xml
  wrote integrated MEI: bsb00023111_00166_with_facs.mei
Processing bsb00023111_00167.mei
  reusing annotations: bsb00023111_00167_measure_annotations.xml
  wrote integrated MEI: bsb00023111_00167_with_facs.mei
Processing bsb00023111_00168.mei
  reusing annotations: bsb00023111_00168_measure_annotations.xml
  wrote integrated MEI: bsb00023111_00168_with_facs.mei
Processing bsb00023111_00169.mei
  reusing annotations: bsb00023111_00169_measure_annotations.xml
  wrote integrated MEI: bsb00023111_00169_with_facs.mei
Processing bsb00023111_00170.mei
  reusing annotations: bsb00023111_00170_measure_annotations.xml
  wrote integrated MEI: bsb00023111_00170_with_facs.mei
Processing bsb00023111_00171.mei
  reusing annotations: bsb00023111_00171_measure_annotations.xml
  wrote integrated MEI: bsb00023111_00171_with_facs.mei
Processing bsb00023111_00172.mei
  reusing annotations: bsb00023111_00172_measure_annotations.xml
  wrote integrated MEI: bsb00023111_00172_with_facs.mei
Processing bsb00023111_00173.mei
  reusing annotations: bsb00023111_00173_measure_annotations.xml
  wrote integrated MEI: bsb00023111_00173_with_facs.mei
Processing bsb00023111_00174.mei
  reusing annotations: bsb00023111_00174_measure_annotations.xml
  wrote integrated MEI: bsb00023111_00174_with_facs.mei
Processing bsb00023111_00175.mei
  reusing annotations: bsb00023111_00175_measure_annotations.xml
  wrote integrated MEI: bsb00023111_00175_with_facs.mei
Processing bsb00023111_00176.mei
  reusing annotations: bsb00023111_00176_measure_annotations.xml
  wrote integrated MEI: bsb00023111_00176_with_facs.mei
Processing bsb00023111_00177.mei
  reusing annotations: bsb00023111_00177_measure_annotations.xml
  wrote integrated MEI: bsb00023111_00177_with_facs.mei
Processing bsb00023111_00178.mei
  reusing annotations: bsb00023111_00178_measure_annotations.xml
  wrote integrated MEI: bsb00023111_00178_with_facs.mei
Processing bsb00023111_00179.mei
  reusing annotations: bsb00023111_00179_measure_annotations.xml
  wrote integrated MEI: bsb00023111_00179_with_facs.mei
Processing bsb00023111_00180.mei
  reusing annotations: bsb00023111_00180_measure_annotations.xml
  wrote integrated MEI: bsb00023111_00180_with_facs.mei
Processing bsb00023111_00181.mei
  reusing annotations: bsb00023111_00181_measure_annotations.xml
  wrote integrated MEI: bsb00023111_00181_with_facs.mei
Processing bsb00023111_00182.mei
  reusing annotations: bsb00023111_00182_measure_annotations.xml
  wrote integrated MEI: bsb00023111_00182_with_facs.mei
Processing bsb00023111_00183.mei
  reusing annotations: bsb00023111_00183_measure_annotations.xml
  wrote integrated MEI: bsb00023111_00183_with_facs.mei
Processing bsb00023111_00184.mei
  reusing annotations: bsb00023111_00184_measure_annotations.xml
  ERROR: Measure numbering does not align between the source and annotations MEI. mismatch count=2, allowed=1; source count=11 numbers=[1, 2, 3, 4, ..., 8, 9, 10, 11]; annotations count=13 numbers=[1, 2, 3, 4, ..., 10, 11, 12, 13]
Processing bsb00023111_00185.mei
  reusing annotations: bsb00023111_00185_measure_annotations.xml
  wrote integrated MEI: bsb00023111_00185_with_facs.mei
Processing bsb00023111_00186.mei
  reusing annotations: bsb00023111_00186_measure_annotations.xml
  wrote integrated MEI: bsb00023111_00186_with_facs.mei
Processing bsb00023111_00187.mei
  reusing annotations: bsb00023111_00187_measure_annotations.xml
  wrote integrated MEI: bsb00023111_00187_with_facs.mei
Processing bsb00023111_00188.mei
  reusing annotations: bsb00023111_00188_measure_annotations.xml
  wrote integrated MEI: bsb00023111_00188_with_facs.mei
Processing bsb00023111_00189.mei
  reusing annotations: bsb00023111_00189_measure_annotations.xml
  wrote integrated MEI: bsb00023111_00189_with_facs.mei
Processing bsb00023111_00190.mei
  reusing annotations: bsb00023111_00190_measure_annotations.xml
  wrote integrated MEI: bsb00023111_00190_with_facs.mei
Processing bsb00023111_00191.mei
  reusing annotations: bsb00023111_00191_measure_annotations.xml
  wrote integrated MEI: bsb00023111_00191_with_facs.mei
Processing bsb00023111_00192.mei
  reusing annotations: bsb00023111_00192_measure_annotations.xml
  wrote integrated MEI: bsb00023111_00192_with_facs.mei
Processing bsb00023111_00193.mei
  reusing annotations: bsb00023111_00193_measure_annotations.xml
  wrote integrated MEI: bsb00023111_00193_with_facs.mei
Processing bsb00023111_00194.mei
  reusing annotations: bsb00023111_00194_measure_annotations.xml
  wrote integrated MEI: bsb00023111_00194_with_facs.mei
Processing bsb00023111_00195.mei
  reusing annotations: bsb00023111_00195_measure_annotations.xml
  wrote integrated MEI: bsb00023111_00195_with_facs.mei
Processing bsb00023111_00196.mei
  reusing annotations: bsb00023111_00196_measure_annotations.xml
  wrote integrated MEI: bsb00023111_00196_with_facs.mei
Processing bsb00023111_00197.mei
  reusing annotations: bsb00023111_00197_measure_annotations.xml
  wrote integrated MEI: bsb00023111_00197_with_facs.mei
Processing bsb00023111_00198.mei
  reusing annotations: bsb00023111_00198_measure_annotations.xml
  wrote integrated MEI: bsb00023111_00198_with_facs.mei
Processing bsb00023111_00199.mei
  reusing annotations: bsb00023111_00199_measure_annotations.xml
  wrote integrated MEI: bsb00023111_00199_with_facs.mei
Processing bsb00023111_00200.mei
  reusing annotations: bsb00023111_00200_measure_annotations.xml
  wrote integrated MEI: bsb00023111_00200_with_facs.mei
Processing bsb00023111_00201.mei
  reusing annotations: bsb00023111_00201_measure_annotations.xml
  wrote integrated MEI: bsb00023111_00201_with_facs.mei
Processing bsb00023111_00202.mei
  reusing annotations: bsb00023111_00202_measure_annotations.xml
  wrote integrated MEI: bsb00023111_00202_with_facs.mei
Processing bsb00023111_00203.mei
  skipped: bsb00023111_00203.mei has only 1 measure(s), below --minimum-measures=5
Finished: processed=159, skipped=7, failed=20, aborted=False, score_dir=/home/eggi/Nextcloud/code/public_repos/camat_corpus/DdT_1/02_hassler_werke_erster_band_cantiones_sacrae_bsb00023111
  skipped bsb00023111_00004.mei: bsb00023111_00004.mei has only 1 measure(s), below --minimum-measures=5
  skipped bsb00023111_00011.mei: bsb00023111_00011.mei has only 3 measure(s), below --minimum-measures=5
  skipped bsb00023111_00017.mei: bsb00023111_00017.mei has only 2 measure(s), below --minimum-measures=5
  skipped bsb00023111_00018.mei: bsb00023111_00018.mei has only 2 measure(s), below --minimum-measures=5
  skipped bsb00023111_00019.mei: bsb00023111_00019.mei has only 1 measure(s), below --minimum-measures=5
  skipped bsb00023111_00023.mei: bsb00023111_00023.mei has only 2 measure(s), below --minimum-measures=5
  skipped bsb00023111_00203.mei: bsb00023111_00203.mei has only 1 measure(s), below --minimum-measures=5
  failed bsb00023111_00009.mei: HTTP 500 from detector: Internal Server Error
  failed bsb00023111_00010.mei: HTTP 500 from detector: Internal Server Error
  failed bsb00023111_00013.mei: HTTP 500 from detector: Internal Server Error
  failed bsb00023111_00036.mei: Measure numbering does not align between the source and annotations MEI. mismatch count=4, allowed=1; source count=42 numbers=[1, 2, 3, 4, ..., 39, 40, 41, 42]; annotations count=38 numbers=[1, 2, 3, 4, ..., 35, 36, 37, 38]
  failed bsb00023111_00038.mei: Measure numbering does not align between the source and annotations MEI. mismatch count=3, allowed=1; source count=40 numbers=[1, 2, 3, 4, ..., 37, 38, 39, 40]; annotations count=37 numbers=[1, 2, 3, 4, ..., 34, 35, 36, 37]
  failed bsb00023111_00055.mei: Measure numbering does not align between the source and annotations MEI. mismatch count=4, allowed=1; source count=27 numbers=[1, 2, 3, 4, ..., 24, 25, 26, 27]; annotations count=23 numbers=[1, 2, 3, 4, ..., 20, 21, 22, 23]
  failed bsb00023111_00059.mei: Measure numbering does not align between the source and annotations MEI. mismatch count=5, allowed=1; source count=26 numbers=[1, 2, 3, 4, ..., 23, 24, 25, 26]; annotations count=21 numbers=[1, 2, 3, 4, ..., 18, 19, 20, 21]
  failed bsb00023111_00119.mei: Measure numbering does not align between the source and annotations MEI. mismatch count=3, allowed=1; source count=15 numbers=[1, 2, 3, 4, ..., 12, 13, 14, 15]; annotations count=18 numbers=[1, 2, 3, 4, ..., 15, 16, 17, 18]
  failed bsb00023111_00130.mei: Measure numbering does not align between the source and annotations MEI. mismatch count=2, allowed=1; source count=10 numbers=[1, 2, 3, 4, ..., 7, 8, 9, 10]; annotations count=12 numbers=[1, 2, 3, 4, ..., 9, 10, 11, 12]
  failed bsb00023111_00132.mei: Measure numbering does not align between the source and annotations MEI. mismatch count=2, allowed=1; source count=10 numbers=[1, 2, 3, 4, ..., 7, 8, 9, 10]; annotations count=12 numbers=[1, 2, 3, 4, ..., 9, 10, 11, 12]
  failed bsb00023111_00134.mei: Measure numbering does not align between the source and annotations MEI. mismatch count=3, allowed=1; source count=10 numbers=[1, 2, 3, 4, ..., 7, 8, 9, 10]; annotations count=13 numbers=[1, 2, 3, 4, ..., 10, 11, 12, 13]
  failed bsb00023111_00136.mei: Measure numbering does not align between the source and annotations MEI. mismatch count=3, allowed=1; source count=12 numbers=[1, 2, 3, 4, ..., 9, 10, 11, 12]; annotations count=15 numbers=[1, 2, 3, 4, ..., 12, 13, 14, 15]
  failed bsb00023111_00143.mei: Measure numbering does not align between the source and annotations MEI. mismatch count=3, allowed=1; source count=14 numbers=[1, 2, 3, 4, ..., 11, 12, 13, 14]; annotations count=17 numbers=[1, 2, 3, 4, ..., 14, 15, 16, 17]
  failed bsb00023111_00144.mei: Measure numbering does not align between the source and annotations MEI. mismatch count=2, allowed=1; source count=14 numbers=[1, 2, 3, 4, ..., 11, 12, 13, 14]; annotations count=16 numbers=[1, 2, 3, 4, ..., 13, 14, 15, 16]
  failed bsb00023111_00148.mei: Measure numbering does not align between the source and annotations MEI. mismatch count=4, allowed=1; source count=14 numbers=[1, 2, 3, 4, ..., 11, 12, 13, 14]; annotations count=18 numbers=[1, 2, 3, 4, ..., 15, 16, 17, 18]
  failed bsb00023111_00151.mei: Measure numbering does not align between the source and annotations MEI. mismatch count=2, allowed=1; source count=12 numbers=[1, 2, 3, 4, ..., 9, 10, 11, 12]; annotations count=14 numbers=[1, 2, 3, 4, ..., 11, 12, 13, 14]
  failed bsb00023111_00154.mei: Measure numbering does not align between the source and annotations MEI. mismatch count=7, allowed=1; source count=14 numbers=[1, 2, 3, 4, ..., 11, 12, 13, 14]; annotations count=21 numbers=[1, 2, 3, 4, ..., 18, 19, 20, 21]
  failed bsb00023111_00156.mei: Measure numbering does not align between the source and annotations MEI. mismatch count=3, allowed=1; source count=14 numbers=[1, 2, 3, 4, ..., 11, 12, 13, 14]; annotations count=17 numbers=[1, 2, 3, 4, ..., 14, 15, 16, 17]
  failed bsb00023111_00157.mei: Measure numbering does not align between the source and annotations MEI. mismatch count=4, allowed=1; source count=14 numbers=[1, 2, 3, 4, ..., 11, 12, 13, 14]; annotations count=18 numbers=[1, 2, 3, 4, ..., 15, 16, 17, 18]
  failed bsb00023111_00184.mei: Measure numbering does not align between the source and annotations MEI. mismatch count=2, allowed=1; source count=11 numbers=[1, 2, 3, 4, ..., 8, 9, 10, 11]; annotations count=13 numbers=[1, 2, 3, 4, ..., 10, 11, 12, 13]
