Run log: /home/eggi/Nextcloud/code/public_repos/camat_corpus/DdT_1/02_hassler_werke_erster_band_cantiones_sacrae_bsb00023111/measure_annotation_run_20260313_010609.log
Run report: /home/eggi/Nextcloud/code/public_repos/camat_corpus/DdT_1/02_hassler_werke_erster_band_cantiones_sacrae_bsb00023111/measure_annotation_run_20260313_010609.json
Processing bsb00023111_00004.mei
  skipped: bsb00023111_00004.mei has only 1 measure(s), below --minimum-measures=5
Processing bsb00023111_00009.mei
  uploading image: bsb00023111_00009.jpg
  detector returned HTTP 500; retrying (1/2) after 2.0s
  detector returned HTTP 500; retrying (2/2) after 2.0s
  ERROR: HTTP 500 from detector: Internal Server Error
Processing bsb00023111_00010.mei
  uploading image: bsb00023111_00010.jpg
  detector returned HTTP 500; retrying (1/2) after 2.0s
  detector returned HTTP 500; retrying (2/2) after 2.0s
  ERROR: HTTP 500 from detector: Internal Server Error
Processing bsb00023111_00011.mei
  skipped: bsb00023111_00011.mei has only 3 measure(s), below --minimum-measures=5
Processing bsb00023111_00013.mei
  uploading image: bsb00023111_00013.jpg
  detector returned HTTP 500; retrying (1/2) after 2.0s
  detector returned HTTP 500; retrying (2/2) after 2.0s
